---
source: src/parser/pparser.rs
expression: result
input_file: src/parser/parser_inputs/code_blocks.pr
---
code_str_repr:
  - fn main() void
  - "a :: 4"
  - "b := a"
  - ""
  - ""
  - ""
lexer_errors: []
parser_errors: []
parse_warning: []

