---
source: src/parser/pparser.rs
expression: result
input_file: src/parser/parser_inputs/fn_calls.pr
---
code_str_repr:
  - "b := fmt(\"a is {a}\\n\")"
  - "a := add(1, 2)"
lexer_errors: []
parser_errors: []
parse_warning: []

