---
source: src/parser/pparser.rs
expression: result
input_file: src/parser/parser_inputs/consts_and_vars.pr
---
code_str_repr:
  - "a : i8 : 32"
  - fn main() void
  - "b := a"
  - "d :: !c"
  - ""
  - "e : uint = 0"
  - "c := false"
lexer_errors: []
parser_errors: []
parse_warning: []

