---
source: src/frontend/parser.rs
expression: res
input_file: src/frontend/parser_inputs/consts_and_vars.pr
---
module:
  - let a i8 = 32;
  - mut b = 0;
  - let c = false;
  - mut d;
  - let e usize = 0;
lexer_error: []
parser_error: []

